negative/invalid-wildcard.hylo:1.15: error: expected '='
fun main() { _ }
              ^
