negative/missing-argument.hylo:8.3-6: error: incompatible labels: found '()', expected '(x:y:)'
  f()
  ~~~
