negative/missing-semicolon.hylo:2.9: error: consecutive statements on the same line must be separated by ';'
  return return
        ^
