negative/missing-parameter-ascription.hylo:3.7-8: error: parameter requires ascription
fun f(x) {}
      ^
