negative/no-conversion.hylo:2.7-9: error: no conversion from 'Void' to '{Void, Void}'
  _ = () as {Void, Void}
      ~~
