negative/no-given.hylo:12.3-4: error: no given instance of 'Q<A>' in this scope
  f()
  ^
